ba7816bf8f1cfea414140de5dae2223b0361a396177a9cb410ff61f2015ad